#
# There is insufficient memory for the Java Runtime Environment to continue.
# Native memory allocation (mmap) failed to map 132120576 bytes. Error detail: G1 virtual space
# Possible reasons:
#   The system is out of physical RAM or swap space
#   This process is running with CompressedOops enabled, and the Java Heap may be blocking the growth of the native heap
# Possible solutions:
#   Reduce memory load on the system
#   Increase physical memory or swap space
#   Check if swap backing store is full
#   Decrease Java heap size (-Xmx/-Xms)
#   Decrease number of Java threads
#   Decrease Java thread stack sizes (-Xss)
#   Set larger code cache with -XX:ReservedCodeCacheSize=
#   JVM is running with Unscaled Compressed Oops mode in which the Java heap is
#     placed in the first 4GB address space. The Java Heap base address is the
#     maximum limit for the native heap growth. Please use -XX:HeapBaseMinAddress
#     to set the Java Heap base and to place the Java Heap above 4GB virtual address.
# This output file may be truncated or incomplete.
#
#  Out of Memory Error (os_windows.cpp:3714), pid=86172, tid=88468
#
# JRE version:  (21.0.10+7) (build )
# Java VM: OpenJDK 64-Bit Server VM (21.0.10+7-LTS, mixed mode, emulated-client, sharing, tiered, compressed oops, compressed class ptrs, g1 gc, windows-amd64)
# No core dump will be written. Minidumps are not enabled by default on client versions of Windows
#

---------------  S U M M A R Y ------------

Command Line: -Dcom.sun.management.jmxremote -Dcom.sun.management.jmxremote.port=9115 -Dcom.sun.management.jmxremote.authenticate=false -Dcom.sun.management.jmxremote.ssl=false -Djava.rmi.server.hostname=localhost -Dspring.jmx.enabled=true -Dmanagement.endpoints.jmx.exposure.include=* -Dspring.application.admin.enabled=true -Dspring.output.ansi.enabled=always -XX:TieredStopAtLevel=1 -Dspring.boot.project.name=moa-backend -Dfile.encoding=UTF-8 -Dstdout.encoding=UTF-8 -Dstderr.encoding=UTF-8 -XX:+ShowCodeDetailsInExceptionMessages com.moa.backend.MoaBackendApplication

Host: Intel(R) Core(TM) i5-10210U CPU @ 1.60GHz, 8 cores, 7G,  Windows 11 , 64 bit Build 26100 (10.0.26100.8521)
Time: Wed Jun 24 10:40:54 2026 elapsed time: 2.087103 seconds (0d 0h 0m 2s)

---------------  T H R E A D  ---------------

Current thread (0x0000023d49727f90):  JavaThread "Unknown thread" [_thread_in_vm, id=88468, stack(0x0000006204900000,0x0000006204a00000) (1024K)]

Stack: [0x0000006204900000,0x0000006204a00000]
Native frames: (J=compiled Java code, j=interpreted, Vv=VM code, C=native code)
V  [jvm.dll+0x6df2b9]
V  [jvm.dll+0x8bbdeb]
V  [jvm.dll+0x8be37a]
V  [jvm.dll+0x8bea53]
V  [jvm.dll+0x28a7a6]
V  [jvm.dll+0x6dbc15]
V  [jvm.dll+0x6cfbca]
V  [jvm.dll+0x364f6e]
V  [jvm.dll+0x36ce3b]
V  [jvm.dll+0x3be8d9]
V  [jvm.dll+0x3beb7b]
V  [jvm.dll+0x339137]
V  [jvm.dll+0x339c7b]
V  [jvm.dll+0x88634e]
V  [jvm.dll+0x3cb831]
V  [jvm.dll+0x86f25c]
V  [jvm.dll+0x45e901]
V  [jvm.dll+0x460541]
C  [jli.dll+0x52f0]
C  [ucrtbase.dll+0x2cd30]
C  [KERNEL32.DLL+0x2e957]
C  [ntdll.dll+0x87c1c]


---------------  P R O C E S S  ---------------

Threads class SMR info:
_java_thread_list=0x00007ff9a3542208, length=0, elements={
}

Java Threads: ( => current thread )
Total: 0

Other Threads:
  0x0000023d4bacab00 WorkerThread "GC Thread#0"                     [id=71268, stack(0x0000006204a00000,0x0000006204b00000) (1024K)]
  0x0000023d4badca60 ConcurrentGCThread "G1 Main Marker"            [id=88356, stack(0x0000006204b00000,0x0000006204c00000) (1024K)]
  0x0000023d4badd480 WorkerThread "G1 Conc#0"                       [id=88952, stack(0x0000006204c00000,0x0000006204d00000) (1024K)]

[error occurred during error reporting (printing all threads), id 0xc0000005, EXCEPTION_ACCESS_VIOLATION (0xc0000005) at pc=0x00007ff9a2c3bbb7]
VM state: not at safepoint (not fully initialized)

VM Mutex/Monitor currently owned by a thread:  ([mutex/lock_event])
[0x00007ff9a35b66b0] Heap_lock - owner thread: 0x0000023d49727f90

Heap address: 0x0000000082e00000, size: 2002 MB, Compressed Oops mode: 32-bit

CDS archive(s) mapped at: [0x0000000000000000-0x0000000000000000-0x0000000000000000), size 0, SharedBaseAddress: 0x0000000800000000, ArchiveRelocationMode: 1.
Narrow klass base: 0x0000000000000000, Narrow klass shift: 0, Narrow klass range: 0x0

GC Precious Log:
 CardTable entry size: 512
 Card Set container configuration: InlinePtr #cards 5 size 8 Array Of Cards #cards 12 size 40 Howl #buckets 4 coarsen threshold 1843 Howl Bitmap #cards 512 size 80 coarsen threshold 460 Card regions per heap region 1 cards per card region 2048

Heap:
 garbage-first heap   total 0K, used 0K [0x0000000082e00000, 0x0000000100000000)
  region size 1024K, 0 young (0K), 0 survivors (0K)

[error occurred during error reporting (printing heap information), id 0xc0000005, EXCEPTION_ACCESS_VIOLATION (0xc0000005) at pc=0x00007ff9a3029019]
GC Heap History (0 events):
No events

Dll operation events (1 events):
Event: 0.037 Loaded shared library C:\Program Files\Amazon Corretto\jdk21.0.10_7\bin\java.dll

Deoptimization events (0 events):
No events

Classes loaded (0 events):
No events

Classes unloaded (0 events):
No events

Classes redefined (0 events):
No events

Internal exceptions (0 events):
No events

ZGC Phase Switch (0 events):
No events

VM Operations (0 events):
No events

Memory protections (0 events):
No events

Nmethod flushes (0 events):
No events

Events (0 events):
No events


Dynamic libraries:
0x00007ff6318d0000 - 0x00007ff6318de000 	C:\Program Files\Amazon Corretto\jdk21.0.10_7\bin\javaw.exe
0x00007ffa23b20000 - 0x00007ffa23d86000 	C:\WINDOWS\SYSTEM32\ntdll.dll
0x00007ffa22280000 - 0x00007ffa22349000 	C:\WINDOWS\System32\KERNEL32.DLL
0x00007ffa20de0000 - 0x00007ffa211da000 	C:\WINDOWS\System32\KERNELBASE.dll
0x00007ffa211e0000 - 0x00007ffa2132c000 	C:\WINDOWS\System32\ucrtbase.dll
0x00007ff9c9a10000 - 0x00007ff9c9a28000 	C:\Program Files\Amazon Corretto\jdk21.0.10_7\bin\jli.dll
0x00007ff9caa70000 - 0x00007ff9caa8e000 	C:\Program Files\Amazon Corretto\jdk21.0.10_7\bin\VCRUNTIME140.dll
0x00007ffa21890000 - 0x00007ffa21a57000 	C:\WINDOWS\System32\USER32.dll
0x00007ffa20db0000 - 0x00007ffa20dd7000 	C:\WINDOWS\System32\win32u.dll
0x00007ffa23360000 - 0x00007ffa2338b000 	C:\WINDOWS\System32\GDI32.dll
0x00007ffa21550000 - 0x00007ffa2167b000 	C:\WINDOWS\System32\gdi32full.dll
0x00007ffa214a0000 - 0x00007ffa21543000 	C:\WINDOWS\System32\msvcp_win.dll
0x00007ffa077f0000 - 0x00007ffa07a82000 	C:\WINDOWS\WinSxS\amd64_microsoft.windows.common-controls_6595b64144ccf1df_6.0.26100.8521_none_3e08b75ce33403b3\COMCTL32.dll
0x00007ffa21f70000 - 0x00007ffa22019000 	C:\WINDOWS\System32\msvcrt.dll
0x00007ffa23450000 - 0x00007ffa23482000 	C:\WINDOWS\System32\IMM32.DLL
0x00007ffa19ca0000 - 0x00007ffa19cac000 	C:\Program Files\Amazon Corretto\jdk21.0.10_7\bin\vcruntime140_1.dll
0x00007ff9aca50000 - 0x00007ff9acad9000 	C:\Program Files\Amazon Corretto\jdk21.0.10_7\bin\msvcp140.dll
0x00007ff9a28f0000 - 0x00007ff9a3698000 	C:\Program Files\Amazon Corretto\jdk21.0.10_7\bin\server\jvm.dll
0x00007ffa22110000 - 0x00007ffa221c6000 	C:\WINDOWS\System32\ADVAPI32.dll
0x00007ffa21cc0000 - 0x00007ffa21d6a000 	C:\WINDOWS\System32\sechost.dll
0x00007ffa21b10000 - 0x00007ffa21c28000 	C:\WINDOWS\System32\RPCRT4.dll
0x00007ffa21c30000 - 0x00007ffa21cb0000 	C:\WINDOWS\System32\WS2_32.dll
0x00007ffa15b20000 - 0x00007ffa15b2b000 	C:\WINDOWS\SYSTEM32\VERSION.dll
0x00007ffa0d480000 - 0x00007ffa0d4b6000 	C:\WINDOWS\SYSTEM32\WINMM.dll
0x00007ffa20c10000 - 0x00007ffa20c6e000 	C:\WINDOWS\SYSTEM32\POWRPROF.dll
0x00007ffa20bf0000 - 0x00007ffa20c04000 	C:\WINDOWS\SYSTEM32\UMPDC.dll
0x00007ffa1fb40000 - 0x00007ffa1fb5b000 	C:\WINDOWS\SYSTEM32\kernel.appcore.dll
0x00007ffa16ad0000 - 0x00007ffa16ada000 	C:\Program Files\Amazon Corretto\jdk21.0.10_7\bin\jimage.dll
0x00007ffa1b170000 - 0x00007ffa1b3b2000 	C:\WINDOWS\SYSTEM32\DBGHELP.DLL
0x00007ffa22e50000 - 0x00007ffa231d3000 	C:\WINDOWS\System32\combase.dll
0x00007ffa22020000 - 0x00007ffa220f9000 	C:\WINDOWS\System32\OLEAUT32.dll
0x00007ff9e7470000 - 0x00007ff9e74ab000 	C:\WINDOWS\SYSTEM32\dbgcore.DLL
0x00007ffa21330000 - 0x00007ffa213d8000 	C:\WINDOWS\System32\bcryptPrimitives.dll
0x00007ff9bcc60000 - 0x00007ff9bcc81000 	C:\Program Files\Amazon Corretto\jdk21.0.10_7\bin\java.dll

JVMTI agents: none

dbghelp: loaded successfully - version: 4.0.5 - missing functions: none
symbol engine: initialized successfully - sym options: 0x614 - pdb path: .;C:\Program Files\Amazon Corretto\jdk21.0.10_7\bin;C:\WINDOWS\SYSTEM32;C:\WINDOWS\WinSxS\amd64_microsoft.windows.common-controls_6595b64144ccf1df_6.0.26100.8521_none_3e08b75ce33403b3;C:\Program Files\Amazon Corretto\jdk21.0.10_7\bin\server

VM Arguments:
jvm_args: -Dcom.sun.management.jmxremote -Dcom.sun.management.jmxremote.port=9115 -Dcom.sun.management.jmxremote.authenticate=false -Dcom.sun.management.jmxremote.ssl=false -Djava.rmi.server.hostname=localhost -Dspring.jmx.enabled=true -Dmanagement.endpoints.jmx.exposure.include=* -Dspring.application.admin.enabled=true -Dspring.output.ansi.enabled=always -XX:TieredStopAtLevel=1 -Dspring.boot.project.name=moa-backend -Dfile.encoding=UTF-8 -Dstdout.encoding=UTF-8 -Dstderr.encoding=UTF-8 -XX:+ShowCodeDetailsInExceptionMessages 
java_command: com.moa.backend.MoaBackendApplication
java_class_path (initial): C:\Users\guswh\git\KH-final-project-back\bin\main;C:\Users\guswh\.gradle\caches\modules-2\files-2.1\org.projectlombok\lombok\1.18.44\503fd0b002dbb237fa4656cf4b8021666a8aebac\lombok-1.18.44.jar;C:\Users\guswh\.gradle\caches\modules-2\files-2.1\org.springframework.boot\spring-boot-starter-oauth2-client\4.0.5\4e27d4009c27e1d2b2a4b354628a1aaad4a4932f\spring-boot-starter-oauth2-client-4.0.5.jar;C:\Users\guswh\.gradle\caches\modules-2\files-2.1\org.springframework.boot\spring-boot-starter-security\4.0.5\a3163aaeeb98a33e60f66d677b9751026ce1799b\spring-boot-starter-security-4.0.5.jar;C:\Users\guswh\.gradle\caches\modules-2\files-2.1\org.springframework.boot\spring-boot-starter-web\4.0.5\f79e2b414df86a6c61ff1a583ce755bac9adbf4c\spring-boot-starter-web-4.0.5.jar;C:\Users\guswh\.gradle\caches\modules-2\files-2.1\org.mybatis.spring.boot\mybatis-spring-boot-starter\4.0.1\7e421f9d5f0ece7cb32d57e92e1332cb73511a80\mybatis-spring-boot-starter-4.0.1.jar;C:\Users\guswh\.gradle\caches\modules-2\files-2.1\io.jsonwebtoken\jjwt-api\0.12.6\478886a888f6add04937baf0361144504a024967\jjwt-api-0.12.6.jar;C:\Users\guswh\.gradle\caches\modules-2\files-2.1\com.fasterxml.jackson.core\jackson-core\2.21.2\7d11eac823392f28d8ee7bda77eaadfccbab83e5\jackson-core-2.21.2.jar;C:\Users\guswh\.gradle\caches\modules-2\files-2.1\com.fasterxml.jackson.core\jackson-databind\2.21.2\71ab8ff75b4fd74afdee0004173fdd15de1d6a28\jackson-databind-2.21.2.jar;C:\Users\guswh\.gradle\caches\modules-2\files-2.1\software.amazon.awssdk\s3\2.25.6\b488d0201cee32a9307293bb133e2fa49699b4cd\s3-2.25.6.jar;C:\Users\guswh\.gradle\caches\modules-2\files-2.1\org.springframework.boot\spring-boot-mail\4.0.5\4b5e326dce015d92b47b6e84dbf97a9435bdf557\spring-boot-mail-4.0.5.jar;C:\Users\guswh\.gradle\caches\modules-2\files-2.1\org.springframework.boot\spring-boot-starter-jackson\4.0.5\16d3f8e99476fd61f39de7e96d2b66a2d18e943d\spring-boot-starter-jackson-4.0.5.jar;C:\Users\guswh\.gradle\caches\modules-2\files-2.1\org.springframework.boot\spring-boot-starter-tomcat\4.0.5\f8dc612cb0cdd09c0d29f1a16bfbf184629f247\spring-boot-starter-tomcat-4.0.5.jar;C:\Users\guswh\.gradle\caches\modules-2\files-2.1\org.springframework.boot\spring-boot-starter-jdbc\4.0.5\2ca3dfd8e504d7fec3c477a0ed44231e37d531a4\spring-boot-starter-jdbc-4.0.5.jar;C:\Users\guswh\.gradle\caches\modules-2\files-2.1\org.springframework.boot\spring-boot-starter\4.0.5\2767611655cf4a17306c3331f95b6f90db83ee06\spring-boot-starter-4.0.5.jar;C:\Users\guswh\.gradle\caches\modules-2\files-2.1\org.springframework.boot\spring-boot-security\4.0.5\d6be8e81058a228763618be19219fb703e96eaf8\spring-boot-security-4.0.5.jar;C:\Users\guswh\.gradle\caches\modules-2\files-2.1\org.springframework.security\spring-security-config\7.0.4\5e65eab9363a8c6bd275f293f8658d4863f4bc32\spring-security-config-7.0.4.jar;C:\Users\guswh\.gradle\caches\modules-2\files-2.1\org.springframework.boot\spring-boot-security-oauth2-client\4.0.5\33ff71e75c24fdfae6ea2164a4fa9e39259abfa3\spring-boot-security-oauth2-client-4.0.5.jar;C:\Users\guswh\.gradle\caches\modules-2\files-2.1\org.springframework.security\spring-security-oauth2-client\7.0.4\7e0b9336f1e869814bf851c8b431c91b462ad8ea\spring-security-oauth2-client-7.0.4.jar;C:\Users\guswh\.gradle\caches\modules-2\files-2.1\org.springframework.security\spring-security-web\7.0.4\507ae0d823fa413c7bc1f811bfdfe4e2ab4172b2\spring-security-web-7.0.4.jar;C:\Users\guswh\.gradle\caches\modules-2\files-2.1\org.springframework.security\spring-security-oauth2-jose\7.0.4\6c56ede15e01baae6951be5bdb14947efb67e8dc\spring-security-oauth2-jose-7.0.4.jar;C:\Users\guswh\.gradle\caches\modules-2\files-2.1\org.springframework.security\spring-security-oauth2-core\7.0.4\231f21d1efb91926a83e092845d098ee5c9bf87\spring-security-oauth2-core-7.0.4.jar;C:\Users\guswh\.gradle\caches\modules-2\files-2.1\org.springframework.security\spring-security-core\7.0.4\9e4c8cca413a8962ada9c93094da26a440976c14\spring-security-core-7.0.4.jar;C:\Users\guswh\.gradle\caches\modules-2\files-2.1\org.springframework.boot\spring-boot-webmvc\4.0.5\33bed4ae1c0fef88d4ebdb82916fbb19b884a034\spring-boot-webmvc-4.0.5.jar;C:\Users\guswh\.gradle\caches\modules-2\files-2.1\org.springframework\spring-webmvc\7.0.6\da516a887d0fea326c16b07fb2519f7f112f8eda\spring-webmvc-7.0.6.jar;C:\Users\guswh\.gradle\caches\modules-2\files-2.1\org.springframework.boot\spring-boot-http-converter\4.0.5\54326cc39a6fd5d5f5bf63f5b25d527d3cd40b57\spring-boot-http-converter-4.0.5.jar;C:\Users\guswh\.gradle\caches\modules-2\files-2.1\org.mybatis.spring.boot\mybatis-spring-boot-autoconfigure\4.0.1\60d3dfd5749f651c3de7fead86a933b8496d879f\mybatis-spring-boot-autoconfigure-4.0.1.jar;C:\Users\guswh\.gradle\caches\modules-2\files-2.1\org.springframework.boot\spring-boot-autoconfigure\4.0.5\bf08009c287a35514024334852a88cb257e783dc\spring-boot-autoconfigure-4.0.5.jar;C:\Users\guswh\.gradle\caches\modules-2\files-2.1\org.springframework.boot\spring-boot-jackson\4.0.5\86a6e7f4c1e1c613dfdbf0b320b5092e725a53f6\spring-boot-jackson-4.0.5.jar;C:\Users\guswh\.gradle\caches\modules-2\files-2.1\org.springframework.boot\spring-boot-servlet\4.0.5\2d198d18d68eb0f3bc0bde435cb684a955f32ad5\spring-boot-servlet-4.0.5.jar;C:\Users\guswh\.gradle\caches\modules-2\files-2.1\org.springframework.boot\spring-boot-jdbc\4.0.5\91b50419766f999c4a7c155d74955a67ad00237d\spring-boot-jdbc-4.0.5.jar;C:\Users\guswh\.gradle\caches\modules-2\files-2.1\org.springframework.boot\spring-boot-starter-tomcat-runtime\4.0.5\d352a6c24ad93d1518233ddce144a180d491073b\spring-boot-starter-tomcat-runtime-4.0.5.jar;C:\Users\guswh\.gradle\caches\modules-2\files-2.1\org.springframework.boot\spring-boot-tomcat\4.0.5\de470a149dd8e9871cf8b918541303dfce6553b8\spring-boot-tomcat-4.0.5.jar;C:\Users\guswh\.gradle\caches\modules-2\files-2.1\org.springframework.boot\spring-boot-web-server\4.0.5\e70e3422c68f2fae6fcb2782be5fa31c0a788a6d\spring-boot-web-server-4.0.5.jar;C:\Users\guswh\.gradle\caches\modules-2\files-2.1\org.springframework.boot\spring-boot-sql\4.0.5\465edfcf125b39ace75cb02a383277d2eb9bea72\spring-boot-sql-4.0.5.jar;C:\Users\guswh\.gradle\caches\modules-2\files-2.1\org.springframework.boot\spring-boot-transaction\4.0.5\37bcc8daa316b761223588c5e457ab92b89e2b71\spring-boot-transaction-4.0.5.jar;C:\Users\guswh\.gradle\caches\modules-2\files-2.1\org.springframework.boot\spring-boot-persistence\4.0.5\dbfa95f90464d81da553c092572154214ac97c47\spring-boot-persistence-4.0.5.jar;C:\Users\guswh\.gradle\caches\modules-2\files-2.1\org.springframework.boot\spring-boot\4.0.5\465309ef0008c598d714c3b4d27c9f9e0876d015\spring-boot-4.0.5.jar;C:\Users\guswh\.gradle\caches\modules-2\files-2.1\org.springframework\spring-context-support\7.0.6\33781e67eae13341a22a770a59a15eff68667e42\spring-context-support-7.0.6.jar;C:\Users\guswh\.gradle\caches\modules-2\files-2.1\org.springframework\spring-context\7.0.6\e722fa5455c1be437de1947d570506cb2bb142e9\spring-context-7.0.6.jar;C:\Users\guswh\.gradle\caches\modules-2\files-2.1\org.springframework\spring-aop\7.0.6\1b8358db4326013f8cfcbf22061aa076489dfbbe\spring-aop-7.0.6.jar;C:\Users\guswh\.gradle\caches\modules-2\files-2.1\org.mybatis\mybatis\3.5.19\79b20d963e38e66f41431ea49bc22f7cce718142\mybatis-3.5.19.jar;C:\Users\guswh\.gradle\caches\modules-2\files-2.1\org.mybatis\mybatis-spring\4.0.0\df5fdaf1a729c4d3649afab6acb5dbddc6647b02\mybatis-spring-4.0.0.jar;C:\Users\guswh\.gradle\caches\modules-2\files-2.1\tools.jackson.core\jackson-core\3.1.0\df0dc5d0bf720739ae7b6afeee2af2aabf88905b\jackson-core-3.1.0.jar;C:\Users\guswh\.gradle\caches\modules-2\files-2.1\tools.jackson.core\jackson-databind\3.1.0\59a342020cc4f5a49335c16820be6ed8ca8ee6c7\jackson-databind-3.1.0.jar;C:\Users\guswh\.gradle\caches\modules-2\files-2.1\com.fasterxml.jackson.core\jackson-annotations\2.21\b1bc1868bf02dc0bd6c7836257a036a331005309\jackson-annotations-2.21.jar;C:\Users\guswh\.gradle\caches\modules-2\files-2.1\software.amazon.awssdk\aws-xml-protocol\2.25.6\f94be9ed970e5d8be14bd33e25f1c406fb8990cf\aws-xml-protocol-2.25.6.jar;C:\Users\guswh\.gradle\caches\modules-2\files-2.1\software.amazon.awssdk\aws-query-protocol\2.25.6\4c6baa169a52362deeb3284e8dc1b3ad5d7d38e9\aws-query-protocol-2.25.6.jar;C:\Users\guswh\.gradle\caches\modules-2\files-2.1\software.amazon.awssdk\protocol-core\2.25.6\13553e0d0d97f5b2df174e50b76eb3744944fa92\protocol-core-2.25.6.jar;C:\Users\guswh\.gradle\caches\modules-2\files-2.1\software.amazon.awssdk\arns\2.25.6\8049204440193cc951ac682ffa5409aef15b1357\arns-2.25.6.jar;C:\Users\guswh\.gradle\caches\modules-2\files-2.1\software.amazon.awssdk\aws-core\2.25.6\dea1c67267145f308bd669ea164307f1922a3228\aws-core-2.25.6.jar;C:\Users\guswh\.gradle\caches\modules-2\files-2.1\software.amazon.awssdk\auth\2.25.6\2d06e3003df6ea288a316c06f26d956b14861cad\auth-2.25.6.jar;C:\Users\guswh\.gradle\caches\modules-2\files-2.1\software.amazon.awssdk\regions\2.25.6\98379fc59ff7825a557bacc98fc0dd70622cff8b\regions-2.25.6.jar;C:\Users\guswh\.gradle\caches\modules-2\files-2.1\software.amazon.awssdk\sdk-core\2.25.6\5b0a9ff4c4a35f7ada61ac5dab784b2365edd33b\sdk-core-2.25.6.jar;C:\Users\guswh\.gradle\caches\modules-2\files-2.1\software.amazon.awssdk\profiles\2.25.6\389e544d6ab508a39d64f803396a3c6a524cc31b\profiles-2.25.6.jar;C:\Users\guswh\.gradle\caches\modules-2\files-2.1\software.amazon.awssdk\crt-core\2.25.6\4684723744a72394c7702d147164f9fbd0840a7c\crt-core-2.25.6.jar;C:\Users\guswh\.gradle\caches\modules-2\files-2.1\software.amazon.awssdk\http-auth\2.25.6\41b9412dab4fe6d2c6fbf4140022dc6790ab98d3\http-auth-2.25.6.jar;C:\Users\guswh\.gradle\caches\modules-2\files-2.1\software.amazon.awssdk\http-auth-aws\2.25.6\150c988eeca93888d71716a0a0486004fd599782\http-auth-aws-2.25.6.jar;C:\Users\guswh\.gradle\caches\modules-2\files-2.1\software.amazon.awssdk\http-auth-spi\2.25.6\bf689d7c549adec123eb5c14cb9559859d10e3e1\http-auth-spi-2.25.6.jar;C:\Users\guswh\.gradle\caches\modules-2\files-2.1\software.amazon.awssdk\identity-spi\2.25.6\778270033693286070f2418fe275ff611d5c489c\identity-spi-2.25.6.jar;C:\Users\guswh\.gradle\caches\modules-2\files-2.1\software.amazon.awssdk\checksums\2.25.6\fb69f940558095bf0c9a2457f1539114577e4a9c\checksums-2.25.6.jar;C:\Users\guswh\.gradle\caches\modules-2\files-2.1\software.amazon.awssdk\checksums-spi\2.25.6\aab313c17317446f2f4de718f93abafc657ade3b\checksums-spi-2.25.6.jar;C:\Users\guswh\.gradle\caches\modules-2\files-2.1\software.amazon.awssdk\http-client-spi\2.25.6\1956821bb094ecd8a838c71fd1f606cee067c81e\http-client-spi-2.25.6.jar;C:\Users\guswh\.gradle\caches\modules-2\files-2.1\software.amazon.awssdk\metrics-spi\2.25.6\7e8f7f85afff2d38bcdd355bed027be117e209bc\metrics-spi-2.25.6.jar;C:\Users\guswh\.gradle\caches\modules-2\files-2.1\software.amazon.awssdk\json-utils\2.25.6\d1ae29e63bc96af2d763794a21151d36f867bb47\json-utils-2.25.6.jar;C:\Users\guswh\.gradle\caches\modules-2\files-2.1\software.amazon.awssdk\utils\2.25.6\cd072b02ff9bd23b61ef5ffbcd60c51c3a7e1e5e\utils-2.25.6.jar;C:\Users\guswh\.gradle\caches\modules-2\files-2.1\software.amazon.awssdk\endpoints-spi\2.25.6\4a84670644498e5aa464966ea3265eebfe8bf313\endpoints-spi-2.25.6.jar;C:\Users\guswh\.gradle\caches\modules-2\files-2.1\software.amazon.awssdk\annotations\2.25.6\61349e4a3a5a400b048405663a9ecb2e04832720\annotations-2.25.6.jar;C:\Users\guswh\.gradle\caches\modules-2\files-2.1\jakarta.mail\jakarta.mail-api\2.1.5\be9b3b677ed6083f575c437ebc442a6a4bd2b931\jakarta.mail-api-2.1.5.jar;C:\Users\guswh\.gradle\caches\modules-2\files-2.1\org.springframework.boot\spring-boot-starter-logging\4.0.5\a8ec816a66922170c0b2abbc4720382fb248183d\spring-boot-starter-logging-4.0.5.jar;C:\Users\guswh\.gradle\caches\modules-2\files-2.1\jakarta.annotation\jakarta.annotation-api\3.0.0\54f928fadec906a99d558536756d171917b9d936\jakarta.annotation-api-3.0.0.jar;C:\Users\guswh\.gradle\caches\modules-2\files-2.1\org.yaml\snakeyaml\2.5\2d53ddec134280cb384c1e35d094e5f71c1f2316\snakeyaml-2.5.jar;C:\Users\guswh\.gradle\caches\modules-2\files-2.1\org.springframework\spring-web\7.0.6\2baeb353efd42374239cc45e8d02780d6c6e7a77\spring-web-7.0.6.jar;C:\Users\guswh\.gradle\caches\modules-2\files-2.1\org.springframework\spring-jdbc\7.0.6\5640a8dd396b13e5ecc7ad222c0788eb0214a743\spring-jdbc-7.0.6.jar;C:\Users\guswh\.gradle\caches\modules-2\files-2.1\org.springframework\spring-tx\7.0.6\94e443fe301137d8fec6f8092e10ed62bd6432b3\spring-tx-7.0.6.jar;C:\Users\guswh\.gradle\caches\modules-2\files-2.1\org.springframework\spring-beans\7.0.6\e8433956653fd38cf0b1d8769484ca8411123713\spring-beans-7.0.6.jar;C:\Users\guswh\.gradle\caches\modules-2\files-2.1\org.springframework\spring-expression\7.0.6\c00c73c545c81e2eae224a46a7c509fca74a2860\spring-expression-7.0.6.jar;C:\Users\guswh\.gradle\caches\modules-2\files-2.1\org.springframework\spring-core\7.0.6\5e4e7fd5bee4be66a0786abe0c90419a713114b5\spring-core-7.0.6.jar;C:\Users\guswh\.gradle\caches\modules-2\files-2.1\com.nimbusds\oauth2-oidc-sdk\11.26.1\fe01570e55df6e4d56ecc0a481d5ccf95ae1363\oauth2-oidc-sdk-11.26.1.jar;C:\Users\guswh\.gradle\caches\modules-2\files-2.1\com.nimbusds\nimbus-jose-jwt\10.4\ca983d3f13080567e36ea554a15af38f31a0cb4\nimbus-jose-jwt-10.4.jar;C:\Users\guswh\.gradle\caches\modules-2\files-2.1\com.zaxxer\HikariCP\7.0.2\c2b43c946b86a14a96342379e22b004c56c6166d\HikariCP-7.0.2.jar;C:\Users\guswh\.gradle\caches\modules-2\files-2.1\org.reactivestreams\reactive-streams\1.0.4\3864a1320d97d7b045f729a326e1e077661f31b7\reactive-streams-1.0.4.jar;C:\Users\guswh\.gradle\caches\modules-2\files-2.1\ch.qos.logback\logback-classic\1.5.32\2b1042c50f508f2eb402bd4d22ccbdf94cc37d2e\logback-classic-1.5.32.jar;C:\Users\guswh\.gradle\caches\modules-2\files-2.1\org.apache.logging.log4j\log4j-to-slf4j\2.25.3\30adfb40cca243ec88cf7ec1fddb411ab55faa4f\log4j-to-slf4j-2.25.3.jar;C:\Users\guswh\.gradle\caches\modules-2\files-2.1\org.slf4j\jul-to-slf4j\2.0.17\524cb6ccc2b68a57604750e1ab8b13b5a786a6aa\jul-to-slf4j-2.0.17.jar;C:\Users\guswh\.gradle\caches\modules-2\files-2.1\org.slf4j\slf4j-api\2.0.17\d9e58ac9c7779ba3bf8142aff6c830617a7fe60f\slf4j-api-2.0.17.jar;C:\Users\guswh\.gradle\caches\modules-2\files-2.1\software.amazon.eventstream\eventstream\1.0.1\6ff8649dffc5190366ada897ba8525a836297784\eventstream-1.0.1.jar;C:\Users\guswh\.gradle\caches\modules-2\files-2.1\software.amazon.awssdk\third-party-jackson-core\2.25.6\b0c55988a01072afdbb5f1a7e661fedf3188a26a\third-party-jackson-core-2.25.6.jar;C:\Users\guswh\.gradle\caches\modules-2\files-2.1\jakarta.activation\jakarta.activation-api\2.1.4\9e5c2a0d75dde71a0bedc4dbdbe47b78a5dc50f8\jakarta.activation-api-2.1.4.jar;C:\Users\guswh\.gradle\caches\modules-2\files-2.1\commons-logging\commons-logging\1.3.6\63e78ca6cd446c0ad166d14f03ed99e7efb3896d\commons-logging-1.3.6.jar;C:\Users\guswh\.gradle\caches\modules-2\files-2.1\io.micrometer\micrometer-observation\1.16.4\64b57332a68b75ba36d9bf9b4cfd62610d0fb158\micrometer-observation-1.16.4.jar;C:\Users\guswh\.gradle\caches\modules-2\files-2.1\org.apache.logging.log4j\log4j-api\2.25.3\fb385330d89c2d61058ef649403f214633569205\log4j-api-2.25.3.jar;C:\Users\guswh\.gradle\caches\modules-2\files-2.1\io.micrometer\micrometer-commons\1.16.4\b6a0e350a714f4cd973d760e68104c9602b4564c\micrometer-commons-1.16.4.jar;C:\Users\guswh\.gradle\caches\modules-2\files-2.1\org.jspecify\jspecify\1.0.0\7425a601c1c7ec76645a78d22b8c6a627edee507\jspecify-1.0.0.jar;C:\Users\guswh\.gradle\caches\modules-2\files-2.1\org.springframework.security\spring-security-crypto\7.0.4\b3e7cc6be5333bf3e3a4910ea0fd0371a3c339d6\spring-security-crypto-7.0.4.jar;C:\Users\guswh\.gradle\caches\modules-2\files-2.1\org.apache.tomcat.embed\tomcat-embed-websocket\11.0.20\e7f0889299296445fba512d43858b863d563e1d2\tomcat-embed-websocket-11.0.20.jar;C:\Users\guswh\.gradle\caches\modules-2\files-2.1\org.apache.tomcat.embed\tomcat-embed-core\11.0.20\384f1db7c5a017bf0381fc03693606a08b252c23\tomcat-embed-core-11.0.20.jar;C:\Users\guswh\.gradle\caches\modules-2\files-2.1\org.apache.tomcat.embed\tomcat-embed-el\11.0.20\ed5ce9eeb3fae5b39e6da171f24430d3b7c3195b\tomcat-embed-el-11.0.20.jar;C:\Users\guswh\.gradle\caches\modules-2\files-2.1\ch.qos.logback\logback-core\1.5.32\fdfb3ff9a842303d4a95207294a6c6bc64e2605d\logback-core-1.5.32.jar;C:\Users\guswh\.gradle\caches\modules-2\files-2.1\biz.aQute.bnd\biz.aQute.bnd.annotation\7.1.0\2f2be18c936d08cf46ea6cfa0043f34afdf38705\biz.aQute.bnd.annotation-7.1.0.jar;C:\Users\guswh\.gradle\caches\modules-2\files-2.1\com.google.errorprone\error_prone_annotations\2.38.0\fc0ae991433e8590ba51cd558421478318a74c8c\error_prone_annotations-2.38.0.jar;C:\Users\guswh\.gradle\caches\modules-2\files-2.1\org.osgi\org.osgi.annotation.bundle\2.0.0\f5c2cd6e670c3c5d440d3003efd5ef2ead5c68eb\org.osgi.annotation.bundle-2.0.0.jar;C:\Users\guswh\.gradle\caches\modules-2\files-2.1\org.osgi\org.osgi.annotation.versioning\1.1.2\dc3cd4ec96c0b3c5459fe00694bd73a816ecf93e\org.osgi.annotation.versioning-1.1.2.jar;C:\Users\guswh\.gradle\caches\modules-2\files-2.1\com.github.stephenc.jcip\jcip-annotations\1.0-1\ef31541dd28ae2cefdd17c7ebf352d93e9058c63\jcip-annotations-1.0-1.jar;C:\Users\guswh\.gradle\caches\modules-2\files-2.1\com.nimbusds\content-type\2.3\e3aa0be212d7a42839a8f3f506f5b990bcce0222\content-type-2.3.jar;C:\Users\guswh\.gradle\caches\modules-2\files-2.1\net.minidev\json-smart\2.6.0\5f858a43a325a8673da6869ab2bc787a1bcb2244\json-smart-2.6.0.jar;C:\Users\guswh\.gradle\caches\modules-2\files-2.1\com.nimbusds\lang-tag\1.7\97c73ecd70bc7e8eefb26c5eea84f251a63f1031\lang-tag-1.7.jar;C:\Users\guswh\.gradle\caches\modules-2\files-2.1\org.osgi\org.osgi.resource\1.0.0\343c88949132984b3f2d4175a72c40b77dc65619\org.osgi.resource-1.0.0.jar;C:\Users\guswh\.gradle\caches\modules-2\files-2.1\org.osgi\org.osgi.service.serviceloader\1.0.0\3728ff37909c6a3c1870b3e851342d9f2bd3cc63\org.osgi.service.serviceloader-1.0.0.jar;C:\Users\guswh\.gradle\caches\modules-2\files-2.1\net.minidev\accessors-smart\2.6.0\2d96f1d9b6ab7f13261aa81b15703574185747a0\accessors-smart-2.6.0.jar;C:\Users\guswh\.gradle\caches\modules-2\files-2.1\org.ow2.asm\asm\9.7.1\f0ed132a49244b042cd0e15702ab9f2ce3cc8436\asm-9.7.1.jar;C:\Users\guswh\.gradle\caches\modules-2\files-2.1\io.jsonwebtoken\jjwt-impl\0.12.6\ac23673a84b6089e0369fb8ab2c69edd91cd6eb0\jjwt-impl-0.12.6.jar;C:\Users\guswh\.gradle\caches\modules-2\files-2.1\io.jsonwebtoken\jjwt-jackson\0.12.6\f141e0c1136ba17f2632858238a31ae05642dbf8\jjwt-jackson-0.12.6.jar;C:\Users\guswh\.gradle\caches\modules-2\files-2.1\com.oracle.database.jdbc\ojdbc11\23.9.0.25.07\4fe3479be8322eaac43f1cd0fb5818e93048201d\ojdbc11-23.9.0.25.07.jar;C:\Users\guswh\.gradle\caches\modules-2\files-2.1\software.amazon.awssdk\apache-client\2.25.6\70274b35fa0a07b995ce177f71f81199aa23ce87\apache-client-2.25.6.jar;C:\Users\guswh\.gradle\caches\modules-2\files-2.1\software.amazon.awssdk\netty-nio-client\2.25.6\266822d837dbcaf0198089a88b0d8b30b0725724\netty-nio-client-2.25.6.jar;C:\Users\guswh\.gradle\caches\modules-2\files-2.1\org.eclipse.angus\angus-mail\2.0.5\427f6d52ec0782f7efaca0c0732042e347a6cb4f\angus-mail-2.0.5.jar;C:\Users\guswh\.gradle\caches\modules-2\files-2.1\org.apache.httpcomponents\httpclient\4.5.13\e5f6cae5ca7ecaac1ec2827a9e2d65ae2869cada\httpclient-4.5.13.jar;C:\Users\guswh\.gradle\caches\modules-2\files-2.1\org.apache.httpcomponents\httpcore\4.4.16\51cf043c87253c9f58b539c9f7e44c8894223850\httpcore-4.4.16.jar;C:\Users\guswh\.gradle\caches\modules-2\files-2.1\commons-codec\commons-codec\1.19.0\8c0dbe3ae883fceda9b50a6c76e745e548073388\commons-codec-1.19.0.jar;C:\Users\guswh\.gradle\caches\modules-2\files-2.1\io.netty\netty-codec-http2\4.2.12.Final\383b786cfc2549978390a2881ff3c146cc22bb54\netty-codec-http2-4.2.12.Final.jar;C:\Users\guswh\.gradle\caches\modules-2\files-2.1\io.netty\netty-codec-http\4.2.12.Final\8dbaa045acc60abf333d428dca4339ce36423bd0\netty-codec-http-4.2.12.Final.jar;C:\Users\guswh\.gradle\caches\modules-2\files-2.1\io.netty\netty-codec\4.2.12.Final\67b917da20425d325081eb056883b47e1671430\netty-codec-4.2.12.Final.jar;C:\Users\guswh\.gradle\caches\modules-2\files-2.1\io.netty\netty-handler\4.2.12.Final\1ccb2b1eed54ce049b3ff39fde225014526ab6a0\netty-handler-4.2.12.Final.jar;C:\Users\guswh\.gradle\caches\modules-2\files-2.1\io.netty\netty-transport-classes-epoll\4.2.12.Final\208f99e5eb334344c51eb921563cd04a3458df66\netty-transport-classes-epoll-4.2.12.Final.jar;C:\Users\guswh\.gradle\caches\modules-2\files-2.1\io.netty\netty-codec-compression\4.2.12.Final\aa0849118167bc727a8dbdaeccc45d56c1f1e8fb\netty-codec-compression-4.2.12.Final.jar;C:\Users\guswh\.gradle\caches\modules-2\files-2.1\io.netty\netty-codec-protobuf\4.2.12.Final\7e6fc323518e56cc57a5d0769e1d03140cf111d9\netty-codec-protobuf-4.2.12.Final.jar;C:\Users\guswh\.gradle\caches\modules-2\files-2.1\io.netty\netty-codec-marshalling\4.2.12.Final\c05e35c4309627b3148104f9f14be7fd6cff690\netty-codec-marshalling-4.2.12.Final.jar;C:\Users\guswh\.gradle\caches\modules-2\files-2.1\io.netty\netty-codec-base\4.2.12.Final\381b47a0cdd126010a7df1c25d25d7bf55c4fddb\netty-codec-base-4.2.12.Final.jar;C:\Users\guswh\.gradle\caches\modules-2\files-2.1\io.netty\netty-transport-native-unix-common\4.2.12.Final\8f8e5e39fcf6bebc8ec4c1d855f4f1335756c50e\netty-transport-native-unix-common-4.2.12.Final.jar;C:\Users\guswh\.gradle\caches\modules-2\files-2.1\io.netty\netty-transport\4.2.12.Final\e9d42074c3d96cf31ce57cc58f6de6f31959b7a8\netty-transport-4.2.12.Final.jar;C:\Users\guswh\.gradle\caches\modules-2\files-2.1\io.netty\netty-buffer\4.2.12.Final\a1b3a6a4ebaf546860eb119d4e462cd300976ae3\netty-buffer-4.2.12.Final.jar;C:\Users\guswh\.gradle\caches\modules-2\files-2.1\io.netty\netty-resolver\4.2.12.Final\c59aa586a12e62d80207a00f9cf18eedf69d1012\netty-resolver-4.2.12.Final.jar;C:\Users\guswh\.gradle\caches\modules-2\files-2.1\io.netty\netty-common\4.2.12.Final\d35ffb9bf5cc0e05ae7408cf6a682b62dceceafc\netty-common-4.2.12.Final.jar;C:\Users\guswh\.gradle\caches\modules-2\files-2.1\org.eclipse.angus\angus-activation\2.0.3\7f80607ea5014fef0b1779e6c33d63a88a45a563\angus-activation-2.0.3.jar
Launcher Type: SUN_STANDARD

[Global flags]
     intx CICompilerCount                          = 4                                         {product} {ergonomic}
     uint ConcGCThreads                            = 2                                         {product} {ergonomic}
     uint G1ConcRefinementThreads                  = 8                                         {product} {ergonomic}
   size_t G1HeapRegionSize                         = 1048576                                   {product} {ergonomic}
    uintx GCDrainStackTargetSize                   = 64                                        {product} {ergonomic}
   size_t InitialHeapSize                          = 132120576                                 {product} {ergonomic}
     bool ManagementServer                         = true                                      {product} {command line}
   size_t MarkStackSize                            = 4194304                                   {product} {ergonomic}
   size_t MaxHeapSize                              = 2099249152                                {product} {ergonomic}
   size_t MinHeapDeltaBytes                        = 1048576                                   {product} {ergonomic}
   size_t MinHeapSize                              = 8388608                                   {product} {ergonomic}
    uintx NonNMethodCodeHeapSize                   = 4096                                   {pd product} {ergonomic}
    uintx NonProfiledCodeHeapSize                  = 0                                      {pd product} {ergonomic}
     bool ProfileInterpreter                       = false                                  {pd product} {command line}
    uintx ProfiledCodeHeapSize                     = 0                                      {pd product} {ergonomic}
     bool ShowCodeDetailsInExceptionMessages       = true                                   {manageable} {command line}
   size_t SoftMaxHeapSize                          = 2099249152                             {manageable} {ergonomic}
     intx TieredStopAtLevel                        = 1                                         {product} {command line}
     bool UseCompressedOops                        = true                           {product lp64_product} {ergonomic}
     bool UseG1GC                                  = true                                      {product} {ergonomic}
     bool UseLargePagesIndividualAllocation        = false                                  {pd product} {ergonomic}

Logging:
Log output configuration:
 #0: stdout all=warning uptime,level,tags foldmultilines=false
 #1: stderr all=off uptime,level,tags foldmultilines=false

Release file:
<release file has not been read>
Environment Variables:
JAVA_HOME=C:\Program Files\Amazon Corretto\jdk21.0.10_7
PATH=C:\dev\WINDOWS.X64_193000_db_home\bin;C:\Program Files\Amazon Corretto\jdk21.0.10_7\bin;C:\Program Files\Amazon Corretto\jdk11.0.22_7\bin;C:\Program Files\Amazon Corretto\jdk21.0.10_7\bin;C:\Program Files\Common Files\Oracle\Java\javapath;C:\windows\system32;C:\windows;C:\windows\System32\Wbem;C:\windows\System32\WindowsPowerShell\v1.0\;C:\windows\System32\OpenSSH\;C:\Program Files (x86)\NVIDIA Corporation\PhysX\Common;C:\WINDOWS\system32;C:\WINDOWS;C:\WINDOWS\System32\Wbem;C:\WINDOWS\System32\WindowsPowerShell\v1.0\;C:\WINDOWS\System32\OpenSSH\;C:\Program Files\MySQL\MySQL Server 8.0\bin;C:\Python;C:\Python\repos_python;C:\Program Files\MongoDB\Server\7.0.9\bin;C:\Program Files\MongoDB\Server\7.0\bin;C:\Users\guswh\Downloads\windows_10_cmake_Release_Graphviz-11.0.0-win64\Graphviz-11.0.0-win64\bin;C:\Program Files\dotnet\;C:\Program Files\Git\cmd;C:\Program Files\Bandizip\;C:\Program Files\nodejs\;C:\Program Files\NVIDIA Corporation\NVIDIA App\NvDLISR;C:\Users\guswh\AppData\Local\Programs\Python\Python312\Scripts\;C:\Users\guswh\AppData\Local\Programs\Python\Python312\;C:\Users\guswh\AppData\Local\Microsoft\WindowsApps;C:\Users\guswh\AppData\Local\GitHubDesktop\bin;C:\Program Files\JetBrains\IntelliJ IDEA Community Edition 2023.2.4\bin;;C:\Users\guswh\AppData\Local\Programs\Microsoft VS Code\bin;C:\Users\guswh\AppData\Roaming\npm
USERNAME=guswh
TMPDIR=C:\Users\Public\Documents\ESTsoft\CreatorTemp
OS=Windows_NT
PROCESSOR_IDENTIFIER=Intel64 Family 6 Model 142 Stepping 12, GenuineIntel
TMP=C:\Users\guswh\AppData\Local\Temp
TEMP=C:\Users\guswh\AppData\Local\Temp




Periodic native trim disabled

---------------  S Y S T E M  ---------------

OS:
 Windows 11 , 64 bit Build 26100 (10.0.26100.8521)
OS uptime: 2 days 11:30 hours

CPU: total 8 (initial active 8) (4 cores per cpu, 2 threads per core) family 6 model 142 stepping 12 microcode 0xde, cx8, cmov, fxsr, ht, mmx, 3dnowpref, sse, sse2, sse3, ssse3, sse4.1, sse4.2, popcnt, lzcnt, tsc, tscinvbit, avx, avx2, aes, erms, clmul, bmi1, bmi2, adx, fma, vzeroupper, clflush, clflushopt, rdtscp, f16c
Processor Information for the first 8 processors :
  Max Mhz: 2112, Current Mhz: 1609, Mhz Limit: 1605

Memory: 4k page, system-wide physical 8001M (639M free)
TotalPageFile size 32577M (AvailPageFile size 50M)
current process WorkingSet (physical memory assigned to process): 12M, peak: 12M
current process commit charge ("private bytes"): 55M, peak: 181M

vm_info: OpenJDK 64-Bit Server VM (21.0.10+7-LTS) for windows-amd64 JRE (21.0.10+7-LTS), built on 2026-01-15T22:13:46Z by "Administrator" with MS VC++ 17.14 (VS2022)

END.
